npm warn Unknown env config "devdir". This will stop working in the next major version of npm. See `npm help npmrc` for supported config options.

> smart-water-tank@1.0.0 simulate
> node simulator/src/simulator.js overflow

Simulator 'overflow' publishing to Mosquitto
overflow level=80% pump=on flow=15 source=true
overflow level=83% pump=on flow=15 source=true
overflow level=86% pump=on flow=15 source=true
overflow level=89% pump=on flow=15 source=true
overflow level=92% pump=on flow=15 source=true
overflow level=95% pump=on flow=15 source=true
overflow level=98% pump=on flow=15 source=true
overflow level=99% pump=on flow=15 source=true
overflow level=99% pump=on flow=15 source=true
overflow level=99% pump=on flow=15 source=true
overflow level=99% pump=on flow=15 source=true
overflow level=99% pump=on flow=15 source=true
overflow level=99% pump=on flow=15 source=true
overflow level=99% pump=on flow=15 source=true
overflow level=99% pump=on flow=15 source=true
overflow level=99% pump=on flow=15 source=true
overflow level=99% pump=on flow=15 source=true
overflow level=99% pump=on flow=15 source=true
overflow level=99% pump=on flow=15 source=true
overflow level=99% pump=on flow=15 source=true
overflow level=99% pump=on flow=15 source=true
overflow level=99% pump=on flow=15 source=true
overflow level=99% pump=on flow=15 source=true
overflow level=99% pump=on flow=15 source=true
overflow level=99% pump=on flow=15 source=true
overflow level=99% pump=on flow=15 source=true
overflow level=99% pump=on flow=15 source=true
overflow level=99% pump=on flow=15 source=true
overflow level=99% pump=on flow=15 source=true
overflow level=99% pump=on flow=15 source=true
overflow level=99% pump=on flow=15 source=true
overflow level=99% pump=on flow=15 source=true
overflow level=99% pump=on flow=15 source=true
overflow level=99% pump=on flow=15 source=true
overflow level=99% pump=on flow=15 source=true
overflow level=99% pump=on flow=15 source=true
overflow level=99% pump=on flow=15 source=true
overflow level=99% pump=on flow=15 source=true
overflow level=99% pump=on flow=15 source=true
overflow level=99% pump=on flow=15 source=true
overflow level=99% pump=on flow=15 source=true
overflow level=99% pump=on flow=15 source=true
overflow level=99% pump=on flow=15 source=true
overflow level=99% pump=on flow=15 source=true
overflow level=99% pump=on flow=15 source=true
overflow level=99% pump=on flow=15 source=true
overflow level=99% pump=on flow=15 source=true
overflow level=99% pump=on flow=15 source=true
overflow level=99% pump=on flow=15 source=true
overflow level=99% pump=on flow=15 source=true
overflow level=99% pump=on flow=15 source=true
overflow level=99% pump=on flow=15 source=true
overflow level=99% pump=on flow=15 source=true
overflow level=99% pump=on flow=15 source=true
overflow level=99% pump=on flow=15 source=true
overflow level=99% pump=on flow=15 source=true
overflow level=99% pump=on flow=15 source=true
overflow level=99% pump=on flow=15 source=true
overflow level=99% pump=on flow=15 source=true
overflow level=99% pump=on flow=15 source=true
overflow level=99% pump=on flow=15 source=true
overflow level=99% pump=on flow=15 source=true
overflow level=99% pump=on flow=15 source=true
overflow level=99% pump=on flow=15 source=true
overflow level=99% pump=on flow=15 source=true
overflow level=99% pump=on flow=15 source=true
overflow level=99% pump=on flow=15 source=true
overflow level=99% pump=on flow=15 source=true
overflow level=99% pump=on flow=15 source=true
overflow level=99% pump=on flow=15 source=true
overflow level=99% pump=on flow=15 source=true
overflow level=99% pump=on flow=15 source=true
overflow level=99% pump=on flow=15 source=true
overflow level=99% pump=on flow=15 source=true
overflow level=99% pump=on flow=15 source=true
overflow level=99% pump=on flow=15 source=true
overflow level=99% pump=on flow=15 source=true
overflow level=99% pump=on flow=15 source=true
overflow level=99% pump=on flow=15 source=true
overflow level=99% pump=on flow=15 source=true
overflow level=99% pump=on flow=15 source=true
overflow level=99% pump=on flow=15 source=true
overflow level=99% pump=on flow=15 source=true
overflow level=99% pump=on flow=15 source=true
overflow level=99% pump=on flow=15 source=true
overflow level=99% pump=on flow=15 source=true
overflow level=99% pump=on flow=15 source=true
overflow level=99% pump=on flow=15 source=true
overflow level=99% pump=on flow=15 source=true
overflow level=99% pump=on flow=15 source=true
overflow level=99% pump=on flow=15 source=true
overflow level=99% pump=on flow=15 source=true
overflow level=99% pump=on flow=15 source=true
overflow level=99% pump=on flow=15 source=true
overflow level=99% pump=on flow=15 source=true
overflow level=99% pump=on flow=15 source=true
overflow level=99% pump=on flow=15 source=true
overflow level=99% pump=on flow=15 source=true
overflow level=99% pump=on flow=15 source=true
overflow level=99% pump=on flow=15 source=true
overflow level=99% pump=on flow=15 source=true
overflow level=99% pump=on flow=15 source=true
overflow level=99% pump=on flow=15 source=true
overflow level=99% pump=on flow=15 source=true
overflow level=99% pump=on flow=15 source=true
overflow level=99% pump=on flow=15 source=true
overflow level=99% pump=on flow=15 source=true
overflow level=99% pump=on flow=15 source=true
overflow level=99% pump=on flow=15 source=true
overflow level=99% pump=on flow=15 source=true
overflow level=99% pump=on flow=15 source=true
overflow level=99% pump=on flow=15 source=true
overflow level=99% pump=on flow=15 source=true
overflow level=99% pump=on flow=15 source=true
overflow level=99% pump=on flow=15 source=true
overflow level=99% pump=on flow=15 source=true
overflow level=99% pump=on flow=15 source=true
overflow level=99% pump=on flow=15 source=true
overflow level=99% pump=on flow=15 source=true
overflow level=99% pump=on flow=15 source=true
overflow level=99% pump=on flow=15 source=true
overflow level=99% pump=on flow=15 source=true
overflow level=99% pump=on flow=15 source=true
overflow level=99% pump=on flow=15 source=true
overflow level=99% pump=on flow=15 source=true
overflow level=99% pump=on flow=15 source=true
overflow level=99% pump=on flow=15 source=true
overflow level=99% pump=on flow=15 source=true
overflow level=99% pump=on flow=15 source=true
overflow level=99% pump=on flow=15 source=true
overflow level=99% pump=on flow=15 source=true
overflow level=99% pump=on flow=15 source=true
overflow level=99% pump=on flow=15 source=true
overflow level=99% pump=on flow=15 source=true
